
Server arguments:
  --memory-size 1073741824
  --shared-postfix d77fc183633384f5af48b312a340f1b0
  --working-directory Library/DataStore
  --silent-console
  --shutdown-grace 0
  --client-process-check 0
  --uds-log-file C:/Users/joaov/Downloads/JoaoVitorSantos_Coleta10 (1)/Minigamee/Logs/UDS-Service.log
  --debug-log 2
  -name
  Unity.DataStore

Initialising UDS system complete:
  - System type: Service
  - Resource namespace: d77fc183633384f5af48b312a340f1b0
  - Shared memory size: 1073741824
  - Command buffer id: 1052576
  - Command buffer size: 8192
  - Hashmap size: 4194304
Starting Unity Data Store Application
[Error] Failed to free block of size 2830 - size delta was 42!
0x00007ff60706ac75 (Unity.DataStore) uds_wait_handle_complete
0x00007ff60702f835 (Unity.DataStore) uds_cleanup
0x00007ff607058578 (Unity.DataStore) uds_wait_handle_complete
0x00007ff60704995b (Unity.DataStore) udebug_set_file_logging_level
0x00007ff607031e4a (Unity.DataStore) uds_cleanup
0x00007ff6070025f4 (Unity.DataStore) 
0x00007ff60702207a (Unity.DataStore) uds_cleanup
0x00007ff6070661d8 (Unity.DataStore) uds_wait_handle_complete
0x00007ffa8fd1cd87 (KERNEL32) BaseThreadInitThunk
0x00007ffa9046caec (ntdll) RtlUserThreadStart

Unity Data Store Application Complete
Shut down UDS service system complete
